T_ID A_SHOUTING_ID
T_ID a______________b
T_ID q999999999999000000000
