T_ID VOID
T_ID INT
T_ID DOUBLE
T_ID BOOL
T_ID STRING
T_ID CLASS
T_ID INTERFACE
T_ID NULL
T_ID THIS
T_ID EXTENDS
T_ID IMPLEMENTS
T_ID FOR
T_ID WHILE
T_ID IF
T_ID ELSE
T_ID RETURN
T_ID BREAK
T_ID NEW
T_ID NEWARRAY
T_ID PRINT
T_ID READINTEGER
T_ID READLINE
