this
T_ID is
T_ID a
T_ID te
T_ID st
for
new
T_ID cla
T_ID ss
T_ID inter
T_ID face
if
else
