T_INTLITERAL 12345678901234567890
T_INTLITERAL 01234567890123456789
