T_DOUBLELITERAL 25.000000001E+5
T_DOUBLELITERAL 0.e455555555555
T_DOUBLELITERAL 999999999999999.0000000000E0
T_DOUBLELITERAL 999999999999999.0000000000E+0
T_DOUBLELITERAL 999999999999999.0000000000E-0
