T_STRINGLITERAL "Aren't you a "
string
T_STRINGLITERAL "?"
