T_STRINGLITERAL "A string with \"
T_ID escaped
UNDEFINED_TOKEN
