T_STRINGLITERAL "being stringy is a \'characteristic\' of strings!"
