T_INTLITERAL 01010101
T_INTLITERAL 0xabcdef
T_ID x0xabcde
T_DOUBLELITERAL 3.141592
T_DOUBLELITERAL 6.2831E2
T_DOUBLELITERAL 9.424E-2
T_STRINGLITERAL "breath"
T_ID truefalse
T_ID falsetrue
