this
T_ID is
T_ID a
T_ID in
T_ID between
T_ID a
T_ID line
