T_ID a
T_ID comment
T_ID block
T_ID at
T_ID the
T_ID end
