T_ID but
T_ID no
T_ID longer
T_ID a
T_ID comment
T_ID no
T_ID longer
T_ID a
T_ID comment
T_ID and
T_ID a
T_ID bunch
T_ID of
T_ID tokens
T_ID follow
*
/
T_ID not
T_ID comment
T_ID either
