T_ID some
T_ID code
T_ID and
T_ID then
T_ID some
T_ID more
T_ID code
