T_ID a___________________________________________________________________________2
-
T_INTLITERAL 16
T_ID b