T_STRINGLITERAL "hi"
+
T_STRINGLITERAL "int a =     blahblahblah ; ____X0x.2"
