while
(
T_BOOLEANLITERAL true
)
{
T_ID Continue
;
}