T_INTLITERAL 23
T_INTLITERAL 61
T_INTLITERAL 82
T_INTLITERAL 91
T_INTLITERAL 23
T_INTLITERAL 421
T_INTLITERAL 5123
T_INTLITERAL 12
T_INTLITERAL 23