T_ID aint
T_ID apublic
public
T_ID a
T_ID publica
T_ID privateb
private
void
T_ID avoid