T_INTLITERAL 2
int
T_INTLITERAL 2
T_ID id
T_INTLITERAL 2
T_ID inta
T_INTLITERAL 2
T_ID aint
T_INTLITERAL 0x12
int
T_INTLITERAL 0x12a