T_INTLITERAL 0x123
T_INTLITERAL 123
T_INTLITERAL 61
T_INTLITERAL 0xab
T_INTLITERAL 0x123
T_ID Q32
T_INTLITERAL 0x123
T_INTLITERAL 45