T_INTLITERAL 0123
T_INTLITERAL 0
T_INTLITERAL 0x123
T_INTLITERAL 0123
T_ID x
T_INTLITERAL 123
T_INTLITERAL 01230
T_ID x
T_INTLITERAL 123